<?xml version="1.0" encoding="UTF-8" ?>
<testsuites name="vitest tests" tests="2" failures="2" errors="0" time="0">
    <testsuite name="src/__tests__/Filter.test.jsx" timestamp="2025-06-21T16:13:22.284Z" hostname="DESKTOP-FEACTS3" tests="1" failures="1" errors="0" skipped="0" time="0">
        <testcase classname="src/__tests__/Filter.test.jsx" name="src/__tests__/Filter.test.jsx" time="0">
            <failure message="Failed to parse source for import analysis because the content contains invalid JS syntax. If you are using JSX, make sure to name the file with the .jsx or .tsx extension." type="Error">
Error: Failed to parse source for import analysis because the content contains invalid JS syntax. If you are using JSX, make sure to name the file with the .jsx or .tsx extension.
  Plugin: vite:import-analysis
  File: C:/Users/Butte/FlatIronNotes/react-hooks-forms-lab/src/components/Filter.js:15:13
  13 |        &lt;select name=&quot;filter&quot; onChange={onCategoryChange}&gt;
  14 |          &lt;option value=&quot;All&quot;&gt;Filter by category&lt;/option&gt;
  15 |          &lt;option value=&quot;Produce&quot;&gt;Produce&lt;/option&gt;
     |              ^
  16 |          &lt;option value=&quot;Dairy&quot;&gt;Dairy&lt;/option&gt;
  17 |          &lt;option value=&quot;Dessert&quot;&gt;Dessert&lt;/option&gt;
 ❯ TransformPluginContext._formatLog node_modules/vite/dist/node/chunks/dep-DBxKXgDP.js:42499:41
 ❯ TransformPluginContext.error node_modules/vite/dist/node/chunks/dep-DBxKXgDP.js:42496:16
 ❯ TransformPluginContext.transform node_modules/vite/dist/node/chunks/dep-DBxKXgDP.js:40426:14
 ❯ EnvironmentPluginContainer.transform node_modules/vite/dist/node/chunks/dep-DBxKXgDP.js:42294:18
 ❯ loadAndTransform node_modules/vite/dist/node/chunks/dep-DBxKXgDP.js:35735:27
            </failure>
        </testcase>
    </testsuite>
    <testsuite name="src/__tests__/ItemForm.test.jsx" timestamp="2025-06-21T16:13:22.294Z" hostname="DESKTOP-FEACTS3" tests="1" failures="1" errors="0" skipped="0" time="0">
        <testcase classname="src/__tests__/ItemForm.test.jsx" name="src/__tests__/ItemForm.test.jsx" time="0">
            <failure message="Failed to parse source for import analysis because the content contains invalid JS syntax. If you are using JSX, make sure to name the file with the .jsx or .tsx extension." type="Error">
Error: Failed to parse source for import analysis because the content contains invalid JS syntax. If you are using JSX, make sure to name the file with the .jsx or .tsx extension.
  Plugin: vite:import-analysis
  File: C:/Users/Butte/FlatIronNotes/react-hooks-forms-lab/src/components/ItemForm.js:33:14
  31 |  
  32 |        &lt;label&gt;
  33 |          Category:
     |               ^
  34 |          &lt;select 
  35 |            name=&quot;category&quot;
 ❯ TransformPluginContext._formatLog node_modules/vite/dist/node/chunks/dep-DBxKXgDP.js:42499:41
 ❯ TransformPluginContext.error node_modules/vite/dist/node/chunks/dep-DBxKXgDP.js:42496:16
 ❯ TransformPluginContext.transform node_modules/vite/dist/node/chunks/dep-DBxKXgDP.js:40426:14
 ❯ EnvironmentPluginContainer.transform node_modules/vite/dist/node/chunks/dep-DBxKXgDP.js:42294:18
 ❯ loadAndTransform node_modules/vite/dist/node/chunks/dep-DBxKXgDP.js:35735:27
            </failure>
        </testcase>
    </testsuite>
</testsuites>
